+10
R
+4
R
R
R
R
R
R
R
+50
R
R
R
R
-7
D
-13
L
-44
